2025-11-04 18:24:53,408 - spark_inference - INFO - ✅ Libraries imported successfully
2025-11-04 18:24:53,408 - spark_inference - INFO - 📝 Logging to file: /root/research-dir/dev/jazzcash-fraud-detection/scripts/spark_inference_20251104_182453.log
2025-11-04 18:24:53,408 - spark_inference - INFO - 🔧 Model path: /root/research-dir/dev/jazzcash-fraud-detection/scripts/spark_lr_model_2
2025-11-04 18:24:53,408 - spark_inference - INFO - 🚀 Initializing Spark Session for inference...
2025-11-04 18:24:57,693 - spark_inference - INFO - ✅ Spark Session initialized
2025-11-04 18:24:57,694 - spark_inference - INFO - 📦 Loading trained model from: /root/research-dir/dev/jazzcash-fraud-detection/scripts/spark_lr_model_2
2025-11-04 18:25:01,408 - spark_inference - INFO - ✅ Model loaded successfully
2025-11-04 18:25:01,408 - spark_inference - INFO -    • Model intercept: -10.376682
2025-11-04 18:25:01,421 - spark_inference - INFO -    • Number of features: 290
2025-11-04 18:25:01,421 - spark_inference - INFO - 📊 Loading inference data from ClickHouse...
2025-11-04 18:25:13,140 - spark_inference - INFO - 📦 Caching inference DataFrame...
2025-11-04 18:27:32,835 - spark_inference - ERROR - ❌ ERROR LOADING INFERENCE DATA!
2025-11-04 18:27:32,884 - spark_inference - ERROR - Error: An error occurred while calling o106.count.
: org.apache.spark.SparkException: Job aborted due to stage failure: Task 1 in stage 3.0 failed 4 times, most recent failure: Lost task 1.3 in stage 3.0 (TID 90) (10.205.161.118 executor 1): java.sql.SQLException: Code: 241. DB::Exception: <Unreadable error message> (transport error: 500)
	at com.clickhouse.jdbc.internal.ExceptionUtils.toSqlState(ExceptionUtils.java:67)
	at com.clickhouse.jdbc.internal.ExceptionUtils.toSqlState(ExceptionUtils.java:42)
	at com.clickhouse.jdbc.StatementImpl.executeQueryImpl(StatementImpl.java:180)
	at com.clickhouse.jdbc.PreparedStatementImpl.executeQuery(PreparedStatementImpl.java:144)
	at org.apache.spark.sql.execution.datasources.jdbc.JDBCRDD.compute(JDBCRDD.scala:287)
	at org.apache.spark.rdd.RDD.computeOrReadCheckpoint(RDD.scala:374)
	at org.apache.spark.rdd.RDD.iterator(RDD.scala:338)
	at org.apache.spark.rdd.MapPartitionsRDD.compute(MapPartitionsRDD.scala:52)
	at org.apache.spark.rdd.RDD.computeOrReadCheckpoint(RDD.scala:374)
	at org.apache.spark.rdd.RDD.iterator(RDD.scala:338)
	at org.apache.spark.rdd.MapPartitionsRDD.compute(MapPartitionsRDD.scala:52)
	at org.apache.spark.rdd.RDD.computeOrReadCheckpoint(RDD.scala:374)
	at org.apache.spark.rdd.RDD.iterator(RDD.scala:338)
	at org.apache.spark.rdd.MapPartitionsRDD.compute(MapPartitionsRDD.scala:52)
	at org.apache.spark.rdd.RDD.computeOrReadCheckpoint(RDD.scala:374)
	at org.apache.spark.rdd.RDD.$anonfun$getOrCompute$1(RDD.scala:388)
	at org.apache.spark.storage.BlockManager.$anonfun$getOrElseUpdate$1(BlockManager.scala:1407)
	at org.apache.spark.storage.BlockManager.$anonfun$doPutIterator$1(BlockManager.scala:1634)
	at org.apache.spark.storage.BlockManager.org$apache$spark$storage$BlockManager$$doPut(BlockManager.scala:1560)
	at org.apache.spark.storage.BlockManager.doPutIterator(BlockManager.scala:1625)
	at org.apache.spark.storage.BlockManager.getOrElseUpdate(BlockManager.scala:1424)
	at org.apache.spark.storage.BlockManager.getOrElseUpdateRDDBlock(BlockManager.scala:1378)
	at org.apache.spark.rdd.RDD.getOrCompute(RDD.scala:386)
	at org.apache.spark.rdd.RDD.iterator(RDD.scala:336)
	at org.apache.spark.scheduler.ResultTask.runTask(ResultTask.scala:93)
	at org.apache.spark.TaskContext.runTaskWithListeners(TaskContext.scala:171)
	at org.apache.spark.scheduler.Task.run(Task.scala:147)
	at org.apache.spark.executor.Executor$TaskRunner.$anonfun$run$5(Executor.scala:647)
	at org.apache.spark.util.SparkErrorUtils.tryWithSafeFinally(SparkErrorUtils.scala:80)
	at org.apache.spark.util.SparkErrorUtils.tryWithSafeFinally$(SparkErrorUtils.scala:77)
	at org.apache.spark.util.Utils$.tryWithSafeFinally(Utils.scala:99)
	at org.apache.spark.executor.Executor$TaskRunner.run(Executor.scala:650)
	at java.base/java.util.concurrent.ThreadPoolExecutor.runWorker(ThreadPoolExecutor.java:1144)
	at java.base/java.util.concurrent.ThreadPoolExecutor$Worker.run(ThreadPoolExecutor.java:642)
	at java.base/java.lang.Thread.run(Thread.java:1583)
Caused by: com.clickhouse.client.api.ServerException: Code: 241. DB::Exception: <Unreadable error message> (transport error: 500)
	at com.clickhouse.client.api.internal.HttpAPIClientHelper.readError(HttpAPIClientHelper.java:398)
	at com.clickhouse.client.api.internal.HttpAPIClientHelper.executeRequest(HttpAPIClientHelper.java:461)
	at com.clickhouse.client.api.Client.lambda$query$5(Client.java:1593)
	at com.clickhouse.client.api.Client.runAsyncOperation(Client.java:2007)
	at com.clickhouse.client.api.Client.query(Client.java:1637)
	at com.clickhouse.client.api.Client.query(Client.java:1536)
	at com.clickhouse.jdbc.StatementImpl.executeQueryImpl(StatementImpl.java:155)
	... 32 more

Driver stacktrace:
	at org.apache.spark.scheduler.DAGScheduler.$anonfun$abortStage$3(DAGScheduler.scala:2935)
	at scala.Option.getOrElse(Option.scala:201)
	at org.apache.spark.scheduler.DAGScheduler.$anonfun$abortStage$2(DAGScheduler.scala:2935)
	at org.apache.spark.scheduler.DAGScheduler.$anonfun$abortStage$2$adapted(DAGScheduler.scala:2927)
	at scala.collection.immutable.List.foreach(List.scala:334)
	at org.apache.spark.scheduler.DAGScheduler.abortStage(DAGScheduler.scala:2927)
	at org.apache.spark.scheduler.DAGScheduler.$anonfun$handleTaskSetFailed$1(DAGScheduler.scala:1295)
	at org.apache.spark.scheduler.DAGScheduler.$anonfun$handleTaskSetFailed$1$adapted(DAGScheduler.scala:1295)
	at scala.Option.foreach(Option.scala:437)
	at org.apache.spark.scheduler.DAGScheduler.handleTaskSetFailed(DAGScheduler.scala:1295)
	at org.apache.spark.scheduler.DAGSchedulerEventProcessLoop.doOnReceive(DAGScheduler.scala:3207)
	at org.apache.spark.scheduler.DAGSchedulerEventProcessLoop.onReceive(DAGScheduler.scala:3141)
	at org.apache.spark.scheduler.DAGSchedulerEventProcessLoop.onReceive(DAGScheduler.scala:3130)
	at org.apache.spark.util.EventLoop$$anon$1.run(EventLoop.scala:50)
Caused by: java.sql.SQLException: Code: 241. DB::Exception: <Unreadable error message> (transport error: 500)
	at com.clickhouse.jdbc.internal.ExceptionUtils.toSqlState(ExceptionUtils.java:67)
	at com.clickhouse.jdbc.internal.ExceptionUtils.toSqlState(ExceptionUtils.java:42)
	at com.clickhouse.jdbc.StatementImpl.executeQueryImpl(StatementImpl.java:180)
	at com.clickhouse.jdbc.PreparedStatementImpl.executeQuery(PreparedStatementImpl.java:144)
	at org.apache.spark.sql.execution.datasources.jdbc.JDBCRDD.compute(JDBCRDD.scala:287)
	at org.apache.spark.rdd.RDD.computeOrReadCheckpoint(RDD.scala:374)
	at org.apache.spark.rdd.RDD.iterator(RDD.scala:338)
	at org.apache.spark.rdd.MapPartitionsRDD.compute(MapPartitionsRDD.scala:52)
	at org.apache.spark.rdd.RDD.computeOrReadCheckpoint(RDD.scala:374)
	at org.apache.spark.rdd.RDD.iterator(RDD.scala:338)
	at org.apache.spark.rdd.MapPartitionsRDD.compute(MapPartitionsRDD.scala:52)
	at org.apache.spark.rdd.RDD.computeOrReadCheckpoint(RDD.scala:374)
	at org.apache.spark.rdd.RDD.iterator(RDD.scala:338)
	at org.apache.spark.rdd.MapPartitionsRDD.compute(MapPartitionsRDD.scala:52)
	at org.apache.spark.rdd.RDD.computeOrReadCheckpoint(RDD.scala:374)
	at org.apache.spark.rdd.RDD.$anonfun$getOrCompute$1(RDD.scala:388)
	at org.apache.spark.storage.BlockManager.$anonfun$getOrElseUpdate$1(BlockManager.scala:1407)
	at org.apache.spark.storage.BlockManager.$anonfun$doPutIterator$1(BlockManager.scala:1634)
	at org.apache.spark.storage.BlockManager.org$apache$spark$storage$BlockManager$$doPut(BlockManager.scala:1560)
	at org.apache.spark.storage.BlockManager.doPutIterator(BlockManager.scala:1625)
	at org.apache.spark.storage.BlockManager.getOrElseUpdate(BlockManager.scala:1424)
	at org.apache.spark.storage.BlockManager.getOrElseUpdateRDDBlock(BlockManager.scala:1378)
	at org.apache.spark.rdd.RDD.getOrCompute(RDD.scala:386)
	at org.apache.spark.rdd.RDD.iterator(RDD.scala:336)
	at org.apache.spark.scheduler.ResultTask.runTask(ResultTask.scala:93)
	at org.apache.spark.TaskContext.runTaskWithListeners(TaskContext.scala:171)
	at org.apache.spark.scheduler.Task.run(Task.scala:147)
	at org.apache.spark.executor.Executor$TaskRunner.$anonfun$run$5(Executor.scala:647)
	at org.apache.spark.util.SparkErrorUtils.tryWithSafeFinally(SparkErrorUtils.scala:80)
	at org.apache.spark.util.SparkErrorUtils.tryWithSafeFinally$(SparkErrorUtils.scala:77)
	at org.apache.spark.util.Utils$.tryWithSafeFinally(Utils.scala:99)
	at org.apache.spark.executor.Executor$TaskRunner.run(Executor.scala:650)
	at java.base/java.util.concurrent.ThreadPoolExecutor.runWorker(ThreadPoolExecutor.java:1144)
	at java.base/java.util.concurrent.ThreadPoolExecutor$Worker.run(ThreadPoolExecutor.java:642)
	at java.base/java.lang.Thread.run(Thread.java:1583)
Caused by: com.clickhouse.client.api.ServerException: Code: 241. DB::Exception: <Unreadable error message> (transport error: 500)
	at com.clickhouse.client.api.internal.HttpAPIClientHelper.readError(HttpAPIClientHelper.java:398)
	at com.clickhouse.client.api.internal.HttpAPIClientHelper.executeRequest(HttpAPIClientHelper.java:461)
	at com.clickhouse.client.api.Client.lambda$query$5(Client.java:1593)
	at com.clickhouse.client.api.Client.runAsyncOperation(Client.java:2007)
	at com.clickhouse.client.api.Client.query(Client.java:1637)
	at com.clickhouse.client.api.Client.query(Client.java:1536)
	at com.clickhouse.jdbc.StatementImpl.executeQueryImpl(StatementImpl.java:155)
	... 32 more

