2025-11-04 19:36:48,461 - spark_inference - INFO - ✅ Logging configured
2025-11-04 19:36:48,467 - spark_inference - INFO - 📝 Logging to file: /root/research-dir/dev/jazzcash-fraud-detection/scripts/spark_inference_20251104_193648.log
2025-11-04 19:36:48,502 - spark_inference - INFO - 🔧 Model path: /root/research-dir/dev/jazzcash-fraud-detection/scripts/spark_lr_model_2
2025-11-04 19:36:48,521 - spark_inference - INFO - 🚀 Initializing Spark Session for inference...
2025-11-04 19:37:01,202 - spark_inference - INFO - ✅ Spark Session initialized
2025-11-04 19:37:01,216 - spark_inference - INFO - 📦 Loading trained model from: /root/research-dir/dev/jazzcash-fraud-detection/scripts/spark_lr_model_2
2025-11-04 19:39:05,362 - spark_inference - ERROR - ❌ Error loading model: An error occurred while calling o48.load.
: org.apache.spark.SparkException: Job aborted due to stage failure: Master removed our application: KILLED
	at org.apache.spark.scheduler.DAGScheduler.$anonfun$abortStage$3(DAGScheduler.scala:2935)
	at scala.Option.getOrElse(Option.scala:201)
	at org.apache.spark.scheduler.DAGScheduler.$anonfun$abortStage$2(DAGScheduler.scala:2935)
	at org.apache.spark.scheduler.DAGScheduler.$anonfun$abortStage$2$adapted(DAGScheduler.scala:2927)
	at scala.collection.immutable.List.foreach(List.scala:334)
	at org.apache.spark.scheduler.DAGScheduler.abortStage(DAGScheduler.scala:2927)
	at org.apache.spark.scheduler.DAGScheduler.$anonfun$handleTaskSetFailed$1(DAGScheduler.scala:1295)
	at org.apache.spark.scheduler.DAGScheduler.$anonfun$handleTaskSetFailed$1$adapted(DAGScheduler.scala:1295)
	at scala.Option.foreach(Option.scala:437)
	at org.apache.spark.scheduler.DAGScheduler.handleTaskSetFailed(DAGScheduler.scala:1295)
	at org.apache.spark.scheduler.DAGSchedulerEventProcessLoop.doOnReceive(DAGScheduler.scala:3207)
	at org.apache.spark.scheduler.DAGSchedulerEventProcessLoop.onReceive(DAGScheduler.scala:3141)
	at org.apache.spark.scheduler.DAGSchedulerEventProcessLoop.onReceive(DAGScheduler.scala:3130)
	at org.apache.spark.util.EventLoop$$anon$1.run(EventLoop.scala:50)
	at org.apache.spark.scheduler.DAGScheduler.runJob(DAGScheduler.scala:1009)
	at org.apache.spark.SparkContext.runJob(SparkContext.scala:2484)
	at org.apache.spark.SparkContext.runJob(SparkContext.scala:2505)
	at org.apache.spark.SparkContext.runJob(SparkContext.scala:2524)
	at org.apache.spark.sql.execution.SparkPlan.executeTake(SparkPlan.scala:544)
	at org.apache.spark.sql.execution.SparkPlan.executeTake(SparkPlan.scala:497)
	at org.apache.spark.sql.execution.CollectLimitExec.executeCollect(limit.scala:58)
	at org.apache.spark.sql.classic.Dataset.collectFromPlan(Dataset.scala:2244)
	at org.apache.spark.sql.classic.Dataset.$anonfun$head$1(Dataset.scala:1379)
	at org.apache.spark.sql.classic.Dataset.$anonfun$withAction$2(Dataset.scala:2234)
	at org.apache.spark.sql.execution.QueryExecution$.withInternalError(QueryExecution.scala:654)
	at org.apache.spark.sql.classic.Dataset.$anonfun$withAction$1(Dataset.scala:2232)
	at org.apache.spark.sql.execution.SQLExecution$.$anonfun$withNewExecutionId0$8(SQLExecution.scala:163)
	at org.apache.spark.sql.execution.SQLExecution$.withSessionTagsApplied(SQLExecution.scala:272)
	at org.apache.spark.sql.execution.SQLExecution$.$anonfun$withNewExecutionId0$7(SQLExecution.scala:125)
	at org.apache.spark.JobArtifactSet$.withActiveJobArtifactState(JobArtifactSet.scala:94)
	at org.apache.spark.sql.artifact.ArtifactManager.$anonfun$withResources$1(ArtifactManager.scala:112)
	at org.apache.spark.sql.artifact.ArtifactManager.withClassLoaderIfNeeded(ArtifactManager.scala:106)
	at org.apache.spark.sql.artifact.ArtifactManager.withResources(ArtifactManager.scala:111)
	at org.apache.spark.sql.execution.SQLExecution$.$anonfun$withNewExecutionId0$6(SQLExecution.scala:125)
	at org.apache.spark.sql.execution.SQLExecution$.withSQLConfPropagated(SQLExecution.scala:295)
	at org.apache.spark.sql.execution.SQLExecution$.$anonfun$withNewExecutionId0$1(SQLExecution.scala:124)
	at org.apache.spark.sql.SparkSession.withActive(SparkSession.scala:804)
	at org.apache.spark.sql.execution.SQLExecution$.withNewExecutionId0(SQLExecution.scala:78)
	at org.apache.spark.sql.execution.SQLExecution$.withNewExecutionId(SQLExecution.scala:237)
	at org.apache.spark.sql.classic.Dataset.withAction(Dataset.scala:2232)
	at org.apache.spark.sql.classic.Dataset.head(Dataset.scala:1379)
	at org.apache.spark.sql.Dataset.head(Dataset.scala:2679)
	at org.apache.spark.sql.Dataset.first(Dataset.scala:2687)
	at org.apache.spark.ml.util.DefaultParamsReader$.loadMetadata(ReadWrite.scala:689)
	at org.apache.spark.ml.classification.LogisticRegressionModel$LogisticRegressionModelReader.load(LogisticRegression.scala:1339)
	at org.apache.spark.ml.classification.LogisticRegressionModel$LogisticRegressionModelReader.load(LogisticRegression.scala:1333)
	at java.base/jdk.internal.reflect.NativeMethodAccessorImpl.invoke0(Native Method)
	at java.base/jdk.internal.reflect.NativeMethodAccessorImpl.invoke(NativeMethodAccessorImpl.java:75)
	at java.base/jdk.internal.reflect.DelegatingMethodAccessorImpl.invoke(DelegatingMethodAccessorImpl.java:52)
	at java.base/java.lang.reflect.Method.invoke(Method.java:580)
	at py4j.reflection.MethodInvoker.invoke(MethodInvoker.java:244)
	at py4j.reflection.ReflectionEngine.invoke(ReflectionEngine.java:374)
	at py4j.Gateway.invoke(Gateway.java:282)
	at py4j.commands.AbstractCommand.invokeMethod(AbstractCommand.java:132)
	at py4j.commands.CallCommand.execute(CallCommand.java:79)
	at py4j.ClientServerConnection.waitForCommands(ClientServerConnection.java:184)
	at py4j.ClientServerConnection.run(ClientServerConnection.java:108)
	at java.base/java.lang.Thread.run(Thread.java:1583)

