2025-11-05 21:32:59,597 - spark_training - INFO - ✅ Libraries imported successfully
2025-11-05 21:32:59,597 - spark_training - INFO - 📝 Logging to file: /root/research-dir/dev/jazzcash-fraud-detection/scripts/spark_training_20251105_213259.log
2025-11-05 21:33:05,257 - spark_training - INFO - 📦 Caching DataFrame in memory...
2025-11-05 21:33:05,555 - spark_training - INFO - ⏳ Counting rows (this triggers data loading)...
2025-11-05 21:33:06,029 - spark_training - INFO - ✅ DATA LOADED SUCCESSFULLY!
2025-11-05 21:33:06,029 - spark_training - INFO - 🔍 Analyzing feature characteristics...
2025-11-05 21:33:06,029 - spark_training - INFO - 📈 Target Variable (fraud_flag) Distribution:
2025-11-05 21:38:01,457 - spark_training - INFO - 🔤 String (categorical) features to encode: ['trx_channel', 'trx_type', 'mbar_registered_channel', 'mbar_a_c_status', 'mbar_a_c_level', 'mbar_account_type_name', 'user_most_used_channel_7d', 'user_last_used_channel', 'user_most_used_type_7d', 'user_last_used_type']
2025-11-05 21:39:05,449 - spark_training - INFO - 🧮 Final modeling features (after encoding): ['cutoff_date', 'trx_channel_ohe', 'trx_type_ohe', 'start_balance', 'trx_amt', 'mbar_registered_channel_ohe', 'mbar_a_c_status_ohe', 'mbar_a_c_level_ohe', 'mbar_account_type_name_ohe', 'hour_of_day', 'day_of_week', 'is_weekend', 'is_night', 'is_business_hours', 'is_unusual_hour', 'night_weekend_combo', 'start_balance_log', 'txn_txns_3d', 'txn_total_amount_3d', 'txn_avg_amount_3d', 'txn_max_amount_3d', 'txn_min_amount_3d', 'txn_unique_recipients_3d', 'txn_unique_channels_3d', 'txn_unique_types_3d', 'txn_is_high_activity_3d', 'txn_multi_channel_recent', 'txn_amount_deviation_from_avg', 'txn_night_txns_3d', 'txn_weekend_txns_3d', 'channel_new_jc_app', 'channel_ussd', 'channel_ussd_api', 'channel_payment_gateway', 'channel_mobile_app', 'type_transfer_c2c', 'type_transfer_c2b', 'type_bill_payment', 'type_mobile_load', 'user_total_txns_3d', 'user_total_amount_3d', 'user_avg_amount_3d', 'user_median_amount_3d', 'user_max_amount_3d', 'user_min_amount_3d', 'user_unique_recipients_3d', 'user_unique_channels_3d', 'user_unique_types_3d', 'user_total_txns_7d', 'user_total_amount_7d', 'user_avg_amount_7d', 'user_median_amount_7d', 'user_max_amount_7d', 'user_min_amount_7d', 'user_unique_recipients_7d', 'user_unique_channels_7d', 'user_unique_types_7d', 'user_most_used_channel_7d_ohe', 'user_last_used_channel_ohe', 'user_channel_diversity_score_7d', 'user_most_used_type_7d_ohe', 'user_last_used_type_ohe', 'user_type_diversity_score_7d', 'user_night_txns_7d', 'user_weekend_txns_7d', 'user_peak_hour_txns_7d', 'user_off_peak_hour_txns_7d', 'user_avg_start_balance_7d', 'user_avg_end_balance_7d', 'user_min_balance_7d', 'user_max_balance_7d', 'user_balance_volatility_7d', 'user_avg_amount_per_recipient_7d', 'user_max_amount_to_single_recipient_7d', 'user_recipient_concentration_ratio_7d', 'user_avg_time_between_txns_7d', 'user_txn_frequency_score_7d', 'user_days_since_last_txn']
2025-11-05 21:39:05,449 - spark_training - INFO - 🔧 Creating feature vectors for Spark MLlib...
2025-11-05 21:39:05,463 - spark_training - INFO -    • Assembling 77 features into vector...
2025-11-05 21:39:05,517 - spark_training - INFO - ✅ Feature vector created
2025-11-05 21:39:05,517 - spark_training - INFO - 📏 Scaling features...
2025-11-05 21:39:05,525 - spark_training - INFO -    • Fitting scaler on training data...
2025-11-05 21:55:27,478 - spark_training - INFO - ✅ Features scaled successfully
2025-11-05 21:55:27,495 - spark_training - INFO - ✅ Final dataset prepared:
2025-11-05 21:55:27,495 - spark_training - INFO -    • Features: Vector of 77 elements
2025-11-05 21:55:27,495 - spark_training - INFO -    • Label: Binary (0=Legitimate, 1=Fraud)
2025-11-05 22:07:29,906 - spark_training - INFO -    • Records: 125,555,734
2025-11-05 22:07:29,906 - spark_training - INFO - 📋 Sample of Prepared Data:
2025-11-05 22:07:30,340 - spark_training - INFO - ✅ Logistic Regression configured with fraud detection optimizations:
2025-11-05 22:07:30,340 - spark_training - INFO -    • Algorithm: Binomial Logistic Regression
2025-11-05 22:07:30,340 - spark_training - INFO -    • Max Iterations: 100
2025-11-05 22:07:30,340 - spark_training - INFO -    • Regularization (L2): 0.01
2025-11-05 22:07:30,340 - spark_training - INFO -    • Decision Threshold: 0.5
2025-11-05 22:07:30,340 - spark_training - INFO -    • Feature Standardization: Disabled (pre-scaled)
2025-11-05 22:07:30,340 - spark_training - INFO -    • Optimization: LBFGS (default, good for medium datasets)
2025-11-05 22:07:30,340 - spark_training - INFO - 🎯 Ready for training on 77 engineered features from fraud profiling analysis
2025-11-05 22:07:30,340 - spark_training - INFO - 🚀 Training Logistic Regression model...
2025-11-05 22:07:30,340 - spark_training - INFO - ⏱️  This may take a few minutes depending on dataset size...
2025-11-05 22:49:43,080 - spark_training - INFO - ✅ Model training completed!
2025-11-05 22:49:43,186 - spark_training - INFO -    • Training time: 2532.70 seconds
2025-11-05 22:49:43,262 - spark_training - INFO -    • Converged: True
2025-11-05 22:49:43,263 - spark_training - INFO -    • Iterations used: 3/100
2025-11-05 22:49:43,264 - spark_training - INFO - 📊 Training Summary:
2025-11-05 22:49:43,417 - spark_training - INFO -    • Objective history length: 4
2025-11-05 22:49:43,418 - spark_training - INFO -    • Final objective value: 0.000354
2025-11-05 22:49:43,522 - spark_training - INFO -    • Model coefficients: 290 features
2025-11-05 22:49:43,522 - spark_training - INFO -    • Intercept: -10.376682
2025-11-05 22:49:43,524 - spark_training - INFO - 🎯 Model successfully trained on fraud detection features from ClickHouse!
2025-11-05 22:49:48,522 - spark_training - INFO - ✅ Model saved to /root/research-dir/dev/jazzcash-fraud-detection/scripts/spark_lr_model_june_v3
2025-11-05 22:51:24,057 - spark_training - INFO - ✅ Categorical preprocessing pipeline (StringIndexers + OneHotEncoders) saved to /root/research-dir/dev/jazzcash-fraud-detection/scripts/preprocessing_components_jun_v3/categorical_pipeline
2025-11-05 22:51:24,132 - spark_training - INFO - ✅ VectorAssembler saved to /root/research-dir/dev/jazzcash-fraud-detection/scripts/preprocessing_components_jun_v3/vector_assembler
2025-11-05 22:51:24,328 - spark_training - INFO - ✅ StandardScaler saved to /root/research-dir/dev/jazzcash-fraud-detection/scripts/preprocessing_components_jun_v3/standard_scaler
2025-11-05 22:51:24,456 - spark_training - INFO - ✅ Feature metadata saved to /root/research-dir/dev/jazzcash-fraud-detection/scripts/preprocessing_components_jun_v3/feature_metadata.json
2025-11-05 22:51:24,458 - spark_training - INFO - 🎯 All preprocessing components saved successfully!
2025-11-05 22:51:24,458 - spark_training - INFO - 📦 Saved components:
2025-11-05 22:51:24,458 - spark_training - INFO -    • Trained Model: /root/research-dir/dev/jazzcash-fraud-detection/scripts/spark_lr_model_june_v3
2025-11-05 22:51:24,458 - spark_training - INFO -    • Categorical Pipeline: /root/research-dir/dev/jazzcash-fraud-detection/scripts/preprocessing_components_jun_v3/categorical_pipeline
2025-11-05 22:51:24,459 - spark_training - INFO -    • Vector Assembler: /root/research-dir/dev/jazzcash-fraud-detection/scripts/preprocessing_components_jun_v3/vector_assembler
2025-11-05 22:51:24,459 - spark_training - INFO -    • Standard Scaler: /root/research-dir/dev/jazzcash-fraud-detection/scripts/preprocessing_components_jun_v3/standard_scaler
2025-11-05 22:51:24,459 - spark_training - INFO -    • Feature Metadata: /root/research-dir/dev/jazzcash-fraud-detection/scripts/preprocessing_components_jun_v3/feature_metadata.json
2025-11-05 22:51:24,459 - spark_training - INFO -    • Total components: 5
2025-11-05 22:51:24,459 - spark_training - INFO - 📚 Inference example code added as comments above
2025-11-05 22:51:24,459 - spark_training - INFO - ✅ Training script completed successfully!
