2025-11-05 11:30:19,241 - spark_inference - INFO - ✅ Logging configured
2025-11-05 11:30:19,243 - spark_inference - INFO - 📝 Logging to file: /root/research-dir/dev/jazzcash-fraud-detection/scripts/spark_inference_20251105_113019.log
2025-11-05 11:30:19,251 - spark_inference - INFO - 🔧 Model path: /root/research-dir/dev/jazzcash-fraud-detection/scripts/spark_lr_model_2
2025-11-05 11:30:19,258 - spark_inference - INFO - 🚀 Initializing Spark Session for inference...
2025-11-05 11:30:28,535 - spark_inference - INFO - ✅ Spark Session initialized
2025-11-05 11:30:28,548 - spark_inference - INFO - 📦 Loading trained model from: /root/research-dir/dev/jazzcash-fraud-detection/scripts/spark_lr_model_2
2025-11-05 11:30:35,360 - spark_inference - INFO - ✅ Model loaded successfully
2025-11-05 11:30:35,362 - spark_inference - INFO -    • Model intercept: -10.376682
2025-11-05 11:30:35,391 - spark_inference - INFO -    • Number of features: 290
2025-11-05 11:30:35,427 - spark_inference - INFO - 📡 Data loading attempt 1/3
2025-11-05 11:30:35,449 - spark_inference - ERROR - ❌ Attempt 1 failed: name 'subquery' is not defined
2025-11-05 11:30:35,450 - spark_inference - INFO - ⏳ Retrying in 30 seconds...
2025-11-05 11:31:05,469 - spark_inference - INFO - 📡 Data loading attempt 2/3
2025-11-05 11:31:05,470 - spark_inference - INFO - 🔄 Retry with reduced partitions and batch size
2025-11-05 11:31:05,474 - spark_inference - ERROR - ❌ Attempt 2 failed: name 'subquery' is not defined
2025-11-05 11:31:05,475 - spark_inference - INFO - ⏳ Retrying in 30 seconds...
2025-11-05 11:31:35,507 - spark_inference - INFO - 📡 Data loading attempt 3/3
2025-11-05 11:31:35,508 - spark_inference - INFO - 🔄 Final retry with minimal settings
2025-11-05 11:31:35,511 - spark_inference - ERROR - ❌ Attempt 3 failed: name 'subquery' is not defined
2025-11-05 11:31:35,511 - spark_inference - ERROR - ❌ All retry attempts failed!
2025-11-05 11:31:35,512 - spark_inference - INFO - 💡 Suggestions:
2025-11-05 11:31:35,512 - spark_inference - INFO -    • Check ClickHouse server status
2025-11-05 11:31:35,513 - spark_inference - INFO -    • Reduce date range
2025-11-05 11:31:35,513 - spark_inference - INFO -    • Try enabling test_mode above
2025-11-05 11:31:35,514 - spark_inference - ERROR - ❌ CRITICAL: Data loading completely failed!
2025-11-05 11:31:53,842 - spark_inference - INFO - 📊 Loading inference data from ClickHouse...
2025-11-05 11:32:05,775 - spark_inference - INFO - 📦 Materializing and caching inference DataFrame...
2025-11-05 11:33:33,835 - spark_inference - ERROR - ❌ ERROR LOADING INFERENCE DATA!
2025-11-05 11:33:33,880 - spark_inference - ERROR - Error: An error occurred while calling o133.count.
: org.apache.spark.SparkException: Job aborted due to stage failure: Task 14 in stage 3.0 failed 4 times, most recent failure: Lost task 14.3 in stage 3.0 (TID 44) (10.205.161.118 executor 1): java.sql.SQLException: Code: 241. DB::Exception: <Unreadable error message> (transport error: 500)
	at com.clickhouse.jdbc.internal.ExceptionUtils.toSqlState(ExceptionUtils.java:67)
	at com.clickhouse.jdbc.internal.ExceptionUtils.toSqlState(ExceptionUtils.java:42)
	at com.clickhouse.jdbc.StatementImpl.executeQueryImpl(StatementImpl.java:180)
	at com.clickhouse.jdbc.PreparedStatementImpl.executeQuery(PreparedStatementImpl.java:144)
	at org.apache.spark.sql.execution.datasources.jdbc.JDBCRDD.compute(JDBCRDD.scala:287)
	at org.apache.spark.rdd.RDD.computeOrReadCheckpoint(RDD.scala:374)
	at org.apache.spark.rdd.RDD.iterator(RDD.scala:338)
	at org.apache.spark.rdd.MapPartitionsRDD.compute(MapPartitionsRDD.scala:52)
	at org.apache.spark.rdd.RDD.computeOrReadCheckpoint(RDD.scala:374)
	at org.apache.spark.rdd.RDD.iterator(RDD.scala:338)
	at org.apache.spark.rdd.MapPartitionsRDD.compute(MapPartitionsRDD.scala:52)
	at org.apache.spark.rdd.RDD.computeOrReadCheckpoint(RDD.scala:374)
	at org.apache.spark.rdd.RDD.iterator(RDD.scala:338)
	at org.apache.spark.rdd.MapPartitionsRDD.compute(MapPartitionsRDD.scala:52)
	at org.apache.spark.rdd.RDD.computeOrReadCheckpoint(RDD.scala:374)
	at org.apache.spark.rdd.RDD.$anonfun$getOrCompute$1(RDD.scala:388)
	at org.apache.spark.storage.BlockManager.$anonfun$getOrElseUpdate$1(BlockManager.scala:1407)
	at org.apache.spark.storage.BlockManager.$anonfun$doPutIterator$1(BlockManager.scala:1634)
	at org.apache.spark.storage.BlockManager.org$apache$spark$storage$BlockManager$$doPut(BlockManager.scala:1560)
	at org.apache.spark.storage.BlockManager.doPutIterator(BlockManager.scala:1625)
	at org.apache.spark.storage.BlockManager.getOrElseUpdate(BlockManager.scala:1424)
	at org.apache.spark.storage.BlockManager.getOrElseUpdateRDDBlock(BlockManager.scala:1378)
	at org.apache.spark.rdd.RDD.getOrCompute(RDD.scala:386)
	at org.apache.spark.rdd.RDD.iterator(RDD.scala:336)
	at org.apache.spark.scheduler.ResultTask.runTask(ResultTask.scala:93)
	at org.apache.spark.TaskContext.runTaskWithListeners(TaskContext.scala:171)
	at org.apache.spark.scheduler.Task.run(Task.scala:147)
	at org.apache.spark.executor.Executor$TaskRunner.$anonfun$run$5(Executor.scala:647)
	at org.apache.spark.util.SparkErrorUtils.tryWithSafeFinally(SparkErrorUtils.scala:80)
	at org.apache.spark.util.SparkErrorUtils.tryWithSafeFinally$(SparkErrorUtils.scala:77)
	at org.apache.spark.util.Utils$.tryWithSafeFinally(Utils.scala:99)
	at org.apache.spark.executor.Executor$TaskRunner.run(Executor.scala:650)
	at java.base/java.util.concurrent.ThreadPoolExecutor.runWorker(ThreadPoolExecutor.java:1144)
	at java.base/java.util.concurrent.ThreadPoolExecutor$Worker.run(ThreadPoolExecutor.java:642)
	at java.base/java.lang.Thread.run(Thread.java:1583)
Caused by: com.clickhouse.client.api.ServerException: Code: 241. DB::Exception: <Unreadable error message> (transport error: 500)
	at com.clickhouse.client.api.internal.HttpAPIClientHelper.readError(HttpAPIClientHelper.java:398)
	at com.clickhouse.client.api.internal.HttpAPIClientHelper.executeRequest(HttpAPIClientHelper.java:461)
	at com.clickhouse.client.api.Client.lambda$query$5(Client.java:1593)
	at com.clickhouse.client.api.Client.runAsyncOperation(Client.java:2007)
	at com.clickhouse.client.api.Client.query(Client.java:1637)
	at com.clickhouse.client.api.Client.query(Client.java:1536)
	at com.clickhouse.jdbc.StatementImpl.executeQueryImpl(StatementImpl.java:157)
	... 32 more

Driver stacktrace:
	at org.apache.spark.scheduler.DAGScheduler.$anonfun$abortStage$3(DAGScheduler.scala:2935)
	at scala.Option.getOrElse(Option.scala:201)
	at org.apache.spark.scheduler.DAGScheduler.$anonfun$abortStage$2(DAGScheduler.scala:2935)
	at org.apache.spark.scheduler.DAGScheduler.$anonfun$abortStage$2$adapted(DAGScheduler.scala:2927)
	at scala.collection.immutable.List.foreach(List.scala:334)
	at org.apache.spark.scheduler.DAGScheduler.abortStage(DAGScheduler.scala:2927)
	at org.apache.spark.scheduler.DAGScheduler.$anonfun$handleTaskSetFailed$1(DAGScheduler.scala:1295)
	at org.apache.spark.scheduler.DAGScheduler.$anonfun$handleTaskSetFailed$1$adapted(DAGScheduler.scala:1295)
	at scala.Option.foreach(Option.scala:437)
	at org.apache.spark.scheduler.DAGScheduler.handleTaskSetFailed(DAGScheduler.scala:1295)
	at org.apache.spark.scheduler.DAGSchedulerEventProcessLoop.doOnReceive(DAGScheduler.scala:3207)
	at org.apache.spark.scheduler.DAGSchedulerEventProcessLoop.onReceive(DAGScheduler.scala:3141)
	at org.apache.spark.scheduler.DAGSchedulerEventProcessLoop.onReceive(DAGScheduler.scala:3130)
	at org.apache.spark.util.EventLoop$$anon$1.run(EventLoop.scala:50)
Caused by: java.sql.SQLException: Code: 241. DB::Exception: <Unreadable error message> (transport error: 500)
	at com.clickhouse.jdbc.internal.ExceptionUtils.toSqlState(ExceptionUtils.java:67)
	at com.clickhouse.jdbc.internal.ExceptionUtils.toSqlState(ExceptionUtils.java:42)
	at com.clickhouse.jdbc.StatementImpl.executeQueryImpl(StatementImpl.java:180)
	at com.clickhouse.jdbc.PreparedStatementImpl.executeQuery(PreparedStatementImpl.java:144)
	at org.apache.spark.sql.execution.datasources.jdbc.JDBCRDD.compute(JDBCRDD.scala:287)
	at org.apache.spark.rdd.RDD.computeOrReadCheckpoint(RDD.scala:374)
	at org.apache.spark.rdd.RDD.iterator(RDD.scala:338)
	at org.apache.spark.rdd.MapPartitionsRDD.compute(MapPartitionsRDD.scala:52)
	at org.apache.spark.rdd.RDD.computeOrReadCheckpoint(RDD.scala:374)
	at org.apache.spark.rdd.RDD.iterator(RDD.scala:338)
	at org.apache.spark.rdd.MapPartitionsRDD.compute(MapPartitionsRDD.scala:52)
	at org.apache.spark.rdd.RDD.computeOrReadCheckpoint(RDD.scala:374)
	at org.apache.spark.rdd.RDD.iterator(RDD.scala:338)
	at org.apache.spark.rdd.MapPartitionsRDD.compute(MapPartitionsRDD.scala:52)
	at org.apache.spark.rdd.RDD.computeOrReadCheckpoint(RDD.scala:374)
	at org.apache.spark.rdd.RDD.$anonfun$getOrCompute$1(RDD.scala:388)
	at org.apache.spark.storage.BlockManager.$anonfun$getOrElseUpdate$1(BlockManager.scala:1407)
	at org.apache.spark.storage.BlockManager.$anonfun$doPutIterator$1(BlockManager.scala:1634)
	at org.apache.spark.storage.BlockManager.org$apache$spark$storage$BlockManager$$doPut(BlockManager.scala:1560)
	at org.apache.spark.storage.BlockManager.doPutIterator(BlockManager.scala:1625)
	at org.apache.spark.storage.BlockManager.getOrElseUpdate(BlockManager.scala:1424)
	at org.apache.spark.storage.BlockManager.getOrElseUpdateRDDBlock(BlockManager.scala:1378)
	at org.apache.spark.rdd.RDD.getOrCompute(RDD.scala:386)
	at org.apache.spark.rdd.RDD.iterator(RDD.scala:336)
	at org.apache.spark.scheduler.ResultTask.runTask(ResultTask.scala:93)
	at org.apache.spark.TaskContext.runTaskWithListeners(TaskContext.scala:171)
	at org.apache.spark.scheduler.Task.run(Task.scala:147)
	at org.apache.spark.executor.Executor$TaskRunner.$anonfun$run$5(Executor.scala:647)
	at org.apache.spark.util.SparkErrorUtils.tryWithSafeFinally(SparkErrorUtils.scala:80)
	at org.apache.spark.util.SparkErrorUtils.tryWithSafeFinally$(SparkErrorUtils.scala:77)
	at org.apache.spark.util.Utils$.tryWithSafeFinally(Utils.scala:99)
	at org.apache.spark.executor.Executor$TaskRunner.run(Executor.scala:650)
	at java.base/java.util.concurrent.ThreadPoolExecutor.runWorker(ThreadPoolExecutor.java:1144)
	at java.base/java.util.concurrent.ThreadPoolExecutor$Worker.run(ThreadPoolExecutor.java:642)
	at java.base/java.lang.Thread.run(Thread.java:1583)
Caused by: com.clickhouse.client.api.ServerException: Code: 241. DB::Exception: <Unreadable error message> (transport error: 500)
	at com.clickhouse.client.api.internal.HttpAPIClientHelper.readError(HttpAPIClientHelper.java:398)
	at com.clickhouse.client.api.internal.HttpAPIClientHelper.executeRequest(HttpAPIClientHelper.java:461)
	at com.clickhouse.client.api.Client.lambda$query$5(Client.java:1593)
	at com.clickhouse.client.api.Client.runAsyncOperation(Client.java:2007)
	at com.clickhouse.client.api.Client.query(Client.java:1637)
	at com.clickhouse.client.api.Client.query(Client.java:1536)
	at com.clickhouse.jdbc.StatementImpl.executeQueryImpl(StatementImpl.java:157)
	... 32 more

2025-11-05 11:33:33,881 - spark_inference - INFO - 💡 Try reducing date range or number of partitions if connection issues persist
2025-11-05 11:35:28,165 - spark_inference - INFO - 📊 Loading inference data from ClickHouse...
2025-11-05 11:35:40,016 - spark_inference - INFO - 📦 Materializing and caching inference DataFrame...
2025-11-05 11:36:06,170 - spark_inference - INFO - 🔧 Preprocessing features for inference...
2025-11-05 11:36:06,217 - spark_inference - INFO - 🔤 String features to encode: ['trx_channel', 'trx_type', 'mbar_registered_channel', 'mbar_a_c_status', 'mbar_a_c_level', 'mbar_account_type_name', 'user_most_used_channel_7d', 'user_last_used_channel', 'user_most_used_type_7d', 'user_last_used_type']
2025-11-05 11:36:12,140 - spark_inference - INFO - 🧹 Cleaning string columns...
2025-11-05 11:37:05,012 - spark_inference - INFO - 🔤 Building optimized categorical encoding pipeline...
2025-11-05 11:37:05,016 - spark_inference - INFO - Processing 10 string columns: ['trx_channel', 'trx_type', 'mbar_registered_channel', 'mbar_a_c_status', 'mbar_a_c_level', 'mbar_account_type_name', 'user_most_used_channel_7d', 'user_last_used_channel', 'user_most_used_type_7d', 'user_last_used_type']
2025-11-05 11:37:05,098 - spark_inference - INFO - 🔧 Fitting string indexers...
2025-11-05 11:37:11,151 - spark_inference - INFO - ✅ String indexing completed and checkpointed
2025-11-05 11:37:11,152 - spark_inference - INFO - 🔧 Fitting one-hot encoders...
2025-11-05 11:37:12,046 - spark_inference - INFO - ✅ One-hot encoding completed and checkpointed
2025-11-05 11:38:14,323 - spark_inference - INFO - 🧮 Features for inference: 76 features
2025-11-05 11:38:31,996 - spark_inference - INFO - 🧹 Memory optimization before feature assembly...
2025-11-05 11:38:31,998 - spark_inference - INFO - 🗑️ Unpersisted original inference DataFrame
2025-11-05 11:38:31,999 - spark_inference - INFO - 📊 Current Spark storage level info:
2025-11-05 11:38:43,759 - spark_inference - INFO - 📏 Creating feature vectors...
2025-11-05 11:38:53,173 - spark_inference - INFO - ✅ Feature scaling completed
2025-11-05 11:38:56,940 - spark_inference - INFO - 🔮 Running inference on test data...
2025-11-05 11:39:27,571 - spark_inference - INFO - 🔮 Running inference on test data...
