2025-11-04 14:10:26,698 - spark_inference - INFO - ✅ Libraries imported successfully
2025-11-04 14:10:26,699 - spark_inference - INFO - 📝 Logging to file: /root/research-dir/dev/jazzcash-fraud-detection/scripts/spark_inference_20251104_141026.log
2025-11-04 14:10:26,699 - spark_inference - INFO - 🔧 Model path: /root/research-dir/dev/jazzcash-fraud-detection/scripts/spark_lr_model_2
2025-11-04 14:10:26,699 - spark_inference - INFO - 🚀 Initializing Spark Session for inference...
2025-11-04 14:10:34,435 - spark_inference - INFO - ✅ Spark Session initialized
2025-11-04 14:10:34,435 - spark_inference - INFO - 📦 Loading trained model from: /root/research-dir/dev/jazzcash-fraud-detection/scripts/spark_lr_model_2
2025-11-04 14:10:38,195 - spark_inference - INFO - ✅ Model loaded successfully
2025-11-04 14:10:38,195 - spark_inference - INFO -    • Model intercept: -10.376682
2025-11-04 14:10:38,233 - spark_inference - INFO -    • Number of features: 290
2025-11-04 14:10:38,233 - spark_inference - INFO - 📊 Loading inference data from ClickHouse...
2025-11-04 14:10:38,844 - spark_inference - INFO - 📦 Caching inference DataFrame...
2025-11-04 14:13:10,446 - spark_inference - ERROR - ❌ ERROR LOADING INFERENCE DATA!
2025-11-04 14:13:10,487 - spark_inference - ERROR - Error: An error occurred while calling o104.count.
: org.apache.spark.SparkException: Job aborted due to stage failure: Task 4 in stage 3.0 failed 1 times, most recent failure: Lost task 4.0 in stage 3.0 (TID 7) (dfs-ai-app2 executor driver): java.sql.SQLException: Failed to read value for column cutoff_date
	at com.clickhouse.jdbc.internal.ExceptionUtils.toSqlState(ExceptionUtils.java:69)
	at com.clickhouse.jdbc.internal.ExceptionUtils.toSqlState(ExceptionUtils.java:42)
	at com.clickhouse.jdbc.ResultSetImpl.next(ResultSetImpl.java:118)
	at org.apache.spark.sql.execution.datasources.jdbc.JdbcUtils$$anon$1.getNext(JdbcUtils.scala:372)
	at org.apache.spark.sql.execution.datasources.jdbc.JdbcUtils$$anon$1.getNext(JdbcUtils.scala:357)
	at org.apache.spark.util.NextIterator.hasNext(NextIterator.scala:73)
	at org.apache.spark.InterruptibleIterator.hasNext(InterruptibleIterator.scala:37)
	at org.apache.spark.util.CompletionIterator.hasNext(CompletionIterator.scala:31)
	at org.apache.spark.sql.catalyst.expressions.GeneratedClass$GeneratedIteratorForCodegenStage1.processNext(Unknown Source)
	at org.apache.spark.sql.execution.BufferedRowIterator.hasNext(BufferedRowIterator.java:43)
	at org.apache.spark.sql.execution.WholeStageCodegenEvaluatorFactory$WholeStageCodegenPartitionEvaluator$$anon$1.hasNext(WholeStageCodegenEvaluatorFactory.scala:50)
	at org.apache.spark.sql.execution.columnar.DefaultCachedBatchSerializer$$anon$1.next(InMemoryRelation.scala:90)
	at org.apache.spark.sql.execution.columnar.DefaultCachedBatchSerializer$$anon$1.next(InMemoryRelation.scala:82)
	at org.apache.spark.sql.execution.columnar.CachedRDDBuilder$$anon$2.next(InMemoryRelation.scala:294)
	at org.apache.spark.sql.execution.columnar.CachedRDDBuilder$$anon$2.next(InMemoryRelation.scala:291)
	at org.apache.spark.storage.memory.PartiallyUnrolledIterator.next(MemoryStore.scala:807)
	at org.apache.spark.serializer.SerializationStream.writeAll(Serializer.scala:140)
	at org.apache.spark.serializer.SerializerManager.dataSerializeStream(SerializerManager.scala:177)
	at org.apache.spark.storage.BlockManager.$anonfun$doPutIterator$3(BlockManager.scala:1643)
	at org.apache.spark.storage.BlockManager.$anonfun$doPutIterator$3$adapted(BlockManager.scala:1641)
	at org.apache.spark.storage.DiskStore.put(DiskStore.scala:90)
	at org.apache.spark.storage.BlockManager.$anonfun$doPutIterator$1(BlockManager.scala:1641)
	at org.apache.spark.storage.BlockManager.org$apache$spark$storage$BlockManager$$doPut(BlockManager.scala:1560)
	at org.apache.spark.storage.BlockManager.doPutIterator(BlockManager.scala:1625)
	at org.apache.spark.storage.BlockManager.getOrElseUpdate(BlockManager.scala:1424)
	at org.apache.spark.storage.BlockManager.getOrElseUpdateRDDBlock(BlockManager.scala:1378)
	at org.apache.spark.rdd.RDD.getOrCompute(RDD.scala:386)
	at org.apache.spark.rdd.RDD.iterator(RDD.scala:336)
	at org.apache.spark.scheduler.ResultTask.runTask(ResultTask.scala:93)
	at org.apache.spark.TaskContext.runTaskWithListeners(TaskContext.scala:171)
	at org.apache.spark.scheduler.Task.run(Task.scala:147)
	at org.apache.spark.executor.Executor$TaskRunner.$anonfun$run$5(Executor.scala:647)
	at org.apache.spark.util.SparkErrorUtils.tryWithSafeFinally(SparkErrorUtils.scala:80)
	at org.apache.spark.util.SparkErrorUtils.tryWithSafeFinally$(SparkErrorUtils.scala:77)
	at org.apache.spark.util.Utils$.tryWithSafeFinally(Utils.scala:99)
	at org.apache.spark.executor.Executor$TaskRunner.run(Executor.scala:650)
	at java.base/java.util.concurrent.ThreadPoolExecutor.runWorker(ThreadPoolExecutor.java:1144)
	at java.base/java.util.concurrent.ThreadPoolExecutor$Worker.run(ThreadPoolExecutor.java:642)
	at java.base/java.lang.Thread.run(Thread.java:1583)
Caused by: com.clickhouse.client.api.ClientException: Failed to read value for column cutoff_date
	at com.clickhouse.client.api.data_formats.internal.BinaryStreamReader.readValue(BinaryStreamReader.java:259)
	at com.clickhouse.client.api.data_formats.internal.BinaryStreamReader.readValue(BinaryStreamReader.java:90)
	at com.clickhouse.client.api.data_formats.internal.AbstractBinaryFormatReader.readRecord(AbstractBinaryFormatReader.java:179)
	at com.clickhouse.client.api.data_formats.internal.AbstractBinaryFormatReader.readNextRecord(AbstractBinaryFormatReader.java:224)
	at com.clickhouse.client.api.data_formats.internal.AbstractBinaryFormatReader.next(AbstractBinaryFormatReader.java:245)
	at com.clickhouse.jdbc.ResultSetImpl.next(ResultSetImpl.java:107)
	... 36 more
Caused by: com.clickhouse.client.internal.org.apache.hc.core5.http.MalformedChunkCodingException: CRLF expected at end of chunk
	at com.clickhouse.client.internal.org.apache.hc.core5.http.impl.io.ChunkedInputStream.getChunkSize(ChunkedInputStream.java:251)
	at com.clickhouse.client.internal.org.apache.hc.core5.http.impl.io.ChunkedInputStream.nextChunk(ChunkedInputStream.java:223)
	at com.clickhouse.client.internal.org.apache.hc.core5.http.impl.io.ChunkedInputStream.read(ChunkedInputStream.java:184)
	at com.clickhouse.client.internal.org.apache.hc.core5.http.io.EofSensorInputStream.read(EofSensorInputStream.java:138)
	at java.base/java.util.zip.InflaterInputStream.fill(InflaterInputStream.java:264)
	at java.base/java.util.zip.InflaterInputStream.read(InflaterInputStream.java:175)
	at java.base/java.util.zip.GZIPInputStream.read(GZIPInputStream.java:128)
	at com.clickhouse.client.internal.org.apache.hc.client5.http.entity.LazyDecompressingInputStream.read(LazyDecompressingInputStream.java:71)
	at com.clickhouse.client.api.internal.ClickHouseLZ4InputStream.readFully(ClickHouseLZ4InputStream.java:81)
	at com.clickhouse.client.api.internal.ClickHouseLZ4InputStream.refill(ClickHouseLZ4InputStream.java:128)
	at com.clickhouse.client.api.internal.ClickHouseLZ4InputStream.read(ClickHouseLZ4InputStream.java:62)
	at com.clickhouse.client.api.data_formats.internal.BinaryStreamReader.readNBytes(BinaryStreamReader.java:559)
	at com.clickhouse.client.api.data_formats.internal.BinaryStreamReader.readShortLE(BinaryStreamReader.java:346)
	at com.clickhouse.client.api.data_formats.internal.BinaryStreamReader.readUnsignedShortLE(BinaryStreamReader.java:439)
	at com.clickhouse.client.api.data_formats.internal.BinaryStreamReader.readDate(BinaryStreamReader.java:956)
	at com.clickhouse.client.api.data_formats.internal.BinaryStreamReader.readDate(BinaryStreamReader.java:944)
	at com.clickhouse.client.api.data_formats.internal.BinaryStreamReader.readValue(BinaryStreamReader.java:181)
	... 41 more

Driver stacktrace:
	at org.apache.spark.scheduler.DAGScheduler.$anonfun$abortStage$3(DAGScheduler.scala:2935)
	at scala.Option.getOrElse(Option.scala:201)
	at org.apache.spark.scheduler.DAGScheduler.$anonfun$abortStage$2(DAGScheduler.scala:2935)
	at org.apache.spark.scheduler.DAGScheduler.$anonfun$abortStage$2$adapted(DAGScheduler.scala:2927)
	at scala.collection.immutable.List.foreach(List.scala:334)
	at org.apache.spark.scheduler.DAGScheduler.abortStage(DAGScheduler.scala:2927)
	at org.apache.spark.scheduler.DAGScheduler.$anonfun$handleTaskSetFailed$1(DAGScheduler.scala:1295)
	at org.apache.spark.scheduler.DAGScheduler.$anonfun$handleTaskSetFailed$1$adapted(DAGScheduler.scala:1295)
	at scala.Option.foreach(Option.scala:437)
	at org.apache.spark.scheduler.DAGScheduler.handleTaskSetFailed(DAGScheduler.scala:1295)
	at org.apache.spark.scheduler.DAGSchedulerEventProcessLoop.doOnReceive(DAGScheduler.scala:3207)
	at org.apache.spark.scheduler.DAGSchedulerEventProcessLoop.onReceive(DAGScheduler.scala:3141)
	at org.apache.spark.scheduler.DAGSchedulerEventProcessLoop.onReceive(DAGScheduler.scala:3130)
	at org.apache.spark.util.EventLoop$$anon$1.run(EventLoop.scala:50)
Caused by: java.sql.SQLException: Failed to read value for column cutoff_date
	at com.clickhouse.jdbc.internal.ExceptionUtils.toSqlState(ExceptionUtils.java:69)
	at com.clickhouse.jdbc.internal.ExceptionUtils.toSqlState(ExceptionUtils.java:42)
	at com.clickhouse.jdbc.ResultSetImpl.next(ResultSetImpl.java:118)
	at org.apache.spark.sql.execution.datasources.jdbc.JdbcUtils$$anon$1.getNext(JdbcUtils.scala:372)
	at org.apache.spark.sql.execution.datasources.jdbc.JdbcUtils$$anon$1.getNext(JdbcUtils.scala:357)
	at org.apache.spark.util.NextIterator.hasNext(NextIterator.scala:73)
	at org.apache.spark.InterruptibleIterator.hasNext(InterruptibleIterator.scala:37)
	at org.apache.spark.util.CompletionIterator.hasNext(CompletionIterator.scala:31)
	at org.apache.spark.sql.catalyst.expressions.GeneratedClass$GeneratedIteratorForCodegenStage1.processNext(Unknown Source)
	at org.apache.spark.sql.execution.BufferedRowIterator.hasNext(BufferedRowIterator.java:43)
	at org.apache.spark.sql.execution.WholeStageCodegenEvaluatorFactory$WholeStageCodegenPartitionEvaluator$$anon$1.hasNext(WholeStageCodegenEvaluatorFactory.scala:50)
	at org.apache.spark.sql.execution.columnar.DefaultCachedBatchSerializer$$anon$1.next(InMemoryRelation.scala:90)
	at org.apache.spark.sql.execution.columnar.DefaultCachedBatchSerializer$$anon$1.next(InMemoryRelation.scala:82)
	at org.apache.spark.sql.execution.columnar.CachedRDDBuilder$$anon$2.next(InMemoryRelation.scala:294)
	at org.apache.spark.sql.execution.columnar.CachedRDDBuilder$$anon$2.next(InMemoryRelation.scala:291)
	at org.apache.spark.storage.memory.PartiallyUnrolledIterator.next(MemoryStore.scala:807)
	at org.apache.spark.serializer.SerializationStream.writeAll(Serializer.scala:140)
	at org.apache.spark.serializer.SerializerManager.dataSerializeStream(SerializerManager.scala:177)
	at org.apache.spark.storage.BlockManager.$anonfun$doPutIterator$3(BlockManager.scala:1643)
	at org.apache.spark.storage.BlockManager.$anonfun$doPutIterator$3$adapted(BlockManager.scala:1641)
	at org.apache.spark.storage.DiskStore.put(DiskStore.scala:90)
	at org.apache.spark.storage.BlockManager.$anonfun$doPutIterator$1(BlockManager.scala:1641)
	at org.apache.spark.storage.BlockManager.org$apache$spark$storage$BlockManager$$doPut(BlockManager.scala:1560)
	at org.apache.spark.storage.BlockManager.doPutIterator(BlockManager.scala:1625)
	at org.apache.spark.storage.BlockManager.getOrElseUpdate(BlockManager.scala:1424)
	at org.apache.spark.storage.BlockManager.getOrElseUpdateRDDBlock(BlockManager.scala:1378)
	at org.apache.spark.rdd.RDD.getOrCompute(RDD.scala:386)
	at org.apache.spark.rdd.RDD.iterator(RDD.scala:336)
	at org.apache.spark.scheduler.ResultTask.runTask(ResultTask.scala:93)
	at org.apache.spark.TaskContext.runTaskWithListeners(TaskContext.scala:171)
	at org.apache.spark.scheduler.Task.run(Task.scala:147)
	at org.apache.spark.executor.Executor$TaskRunner.$anonfun$run$5(Executor.scala:647)
	at org.apache.spark.util.SparkErrorUtils.tryWithSafeFinally(SparkErrorUtils.scala:80)
	at org.apache.spark.util.SparkErrorUtils.tryWithSafeFinally$(SparkErrorUtils.scala:77)
	at org.apache.spark.util.Utils$.tryWithSafeFinally(Utils.scala:99)
	at org.apache.spark.executor.Executor$TaskRunner.run(Executor.scala:650)
	at java.base/java.util.concurrent.ThreadPoolExecutor.runWorker(ThreadPoolExecutor.java:1144)
	at java.base/java.util.concurrent.ThreadPoolExecutor$Worker.run(ThreadPoolExecutor.java:642)
	at java.base/java.lang.Thread.run(Thread.java:1583)
Caused by: com.clickhouse.client.api.ClientException: Failed to read value for column cutoff_date
	at com.clickhouse.client.api.data_formats.internal.BinaryStreamReader.readValue(BinaryStreamReader.java:259)
	at com.clickhouse.client.api.data_formats.internal.BinaryStreamReader.readValue(BinaryStreamReader.java:90)
	at com.clickhouse.client.api.data_formats.internal.AbstractBinaryFormatReader.readRecord(AbstractBinaryFormatReader.java:179)
	at com.clickhouse.client.api.data_formats.internal.AbstractBinaryFormatReader.readNextRecord(AbstractBinaryFormatReader.java:224)
	at com.clickhouse.client.api.data_formats.internal.AbstractBinaryFormatReader.next(AbstractBinaryFormatReader.java:245)
	at com.clickhouse.jdbc.ResultSetImpl.next(ResultSetImpl.java:107)
	... 36 more
Caused by: com.clickhouse.client.internal.org.apache.hc.core5.http.MalformedChunkCodingException: CRLF expected at end of chunk
	at com.clickhouse.client.internal.org.apache.hc.core5.http.impl.io.ChunkedInputStream.getChunkSize(ChunkedInputStream.java:251)
	at com.clickhouse.client.internal.org.apache.hc.core5.http.impl.io.ChunkedInputStream.nextChunk(ChunkedInputStream.java:223)
	at com.clickhouse.client.internal.org.apache.hc.core5.http.impl.io.ChunkedInputStream.read(ChunkedInputStream.java:184)
	at com.clickhouse.client.internal.org.apache.hc.core5.http.io.EofSensorInputStream.read(EofSensorInputStream.java:138)
	at java.base/java.util.zip.InflaterInputStream.fill(InflaterInputStream.java:264)
	at java.base/java.util.zip.InflaterInputStream.read(InflaterInputStream.java:175)
	at java.base/java.util.zip.GZIPInputStream.read(GZIPInputStream.java:128)
	at com.clickhouse.client.internal.org.apache.hc.client5.http.entity.LazyDecompressingInputStream.read(LazyDecompressingInputStream.java:71)
	at com.clickhouse.client.api.internal.ClickHouseLZ4InputStream.readFully(ClickHouseLZ4InputStream.java:81)
	at com.clickhouse.client.api.internal.ClickHouseLZ4InputStream.refill(ClickHouseLZ4InputStream.java:128)
	at com.clickhouse.client.api.internal.ClickHouseLZ4InputStream.read(ClickHouseLZ4InputStream.java:62)
	at com.clickhouse.client.api.data_formats.internal.BinaryStreamReader.readNBytes(BinaryStreamReader.java:559)
	at com.clickhouse.client.api.data_formats.internal.BinaryStreamReader.readShortLE(BinaryStreamReader.java:346)
	at com.clickhouse.client.api.data_formats.internal.BinaryStreamReader.readUnsignedShortLE(BinaryStreamReader.java:439)
	at com.clickhouse.client.api.data_formats.internal.BinaryStreamReader.readDate(BinaryStreamReader.java:956)
	at com.clickhouse.client.api.data_formats.internal.BinaryStreamReader.readDate(BinaryStreamReader.java:944)
	at com.clickhouse.client.api.data_formats.internal.BinaryStreamReader.readValue(BinaryStreamReader.java:181)
	... 41 more

