2025-11-05 13:25:16,435 - spark_training - INFO - ✅ Libraries imported successfully
2025-11-05 13:25:16,435 - spark_training - INFO - 📝 Logging to file: /root/research-dir/dev/jazzcash-fraud-detection/scripts/spark_training_20251105_132516.log
2025-11-05 13:25:21,986 - spark_training - INFO - 📦 Caching DataFrame in memory...
2025-11-05 13:25:22,316 - spark_training - INFO - ⏳ Counting rows (this triggers data loading)...
2025-11-05 13:30:27,176 - spark_training - INFO - ✅ DATA LOADED SUCCESSFULLY!
2025-11-05 13:30:27,176 - spark_training - INFO - 🔍 Analyzing feature characteristics...
2025-11-05 13:30:27,176 - spark_training - INFO - 📈 Target Variable (fraud_flag) Distribution:
2025-11-05 13:30:32,548 - spark_training - INFO - 🔤 String (categorical) features to encode: ['trx_channel', 'trx_type', 'mbar_registered_channel', 'mbar_a_c_status', 'mbar_a_c_level', 'mbar_account_type_name', 'user_most_used_channel_7d', 'user_last_used_channel', 'user_most_used_type_7d', 'user_last_used_type']
2025-11-05 13:31:32,651 - spark_training - INFO - 🧮 Final modeling features (after encoding): ['cutoff_date', 'trx_channel_ohe', 'trx_type_ohe', 'start_balance', 'trx_amt', 'mbar_registered_channel_ohe', 'mbar_a_c_status_ohe', 'mbar_a_c_level_ohe', 'mbar_account_type_name_ohe', 'hour_of_day', 'day_of_week', 'is_weekend', 'is_night', 'is_business_hours', 'is_unusual_hour', 'night_weekend_combo', 'start_balance_log', 'txn_txns_3d', 'txn_total_amount_3d', 'txn_avg_amount_3d', 'txn_max_amount_3d', 'txn_min_amount_3d', 'txn_unique_recipients_3d', 'txn_unique_channels_3d', 'txn_unique_types_3d', 'txn_is_high_activity_3d', 'txn_multi_channel_recent', 'txn_amount_deviation_from_avg', 'txn_night_txns_3d', 'txn_weekend_txns_3d', 'channel_new_jc_app', 'channel_ussd', 'channel_ussd_api', 'channel_payment_gateway', 'channel_mobile_app', 'type_transfer_c2c', 'type_transfer_c2b', 'type_bill_payment', 'type_mobile_load', 'user_total_txns_3d', 'user_total_amount_3d', 'user_avg_amount_3d', 'user_median_amount_3d', 'user_max_amount_3d', 'user_min_amount_3d', 'user_unique_recipients_3d', 'user_unique_channels_3d', 'user_unique_types_3d', 'user_total_txns_7d', 'user_total_amount_7d', 'user_avg_amount_7d', 'user_median_amount_7d', 'user_max_amount_7d', 'user_min_amount_7d', 'user_unique_recipients_7d', 'user_unique_channels_7d', 'user_unique_types_7d', 'user_most_used_channel_7d_ohe', 'user_last_used_channel_ohe', 'user_channel_diversity_score_7d', 'user_most_used_type_7d_ohe', 'user_last_used_type_ohe', 'user_type_diversity_score_7d', 'user_night_txns_7d', 'user_weekend_txns_7d', 'user_peak_hour_txns_7d', 'user_off_peak_hour_txns_7d', 'user_avg_start_balance_7d', 'user_avg_end_balance_7d', 'user_min_balance_7d', 'user_max_balance_7d', 'user_balance_volatility_7d', 'user_avg_amount_per_recipient_7d', 'user_max_amount_to_single_recipient_7d', 'user_recipient_concentration_ratio_7d', 'user_avg_time_between_txns_7d', 'user_txn_frequency_score_7d', 'user_days_since_last_txn']
2025-11-05 13:31:32,651 - spark_training - INFO - 🔧 Creating feature vectors for Spark MLlib...
2025-11-05 13:31:32,659 - spark_training - INFO -    • Assembling 77 features into vector...
2025-11-05 13:31:32,711 - spark_training - INFO - ✅ Feature vector created
2025-11-05 13:31:32,712 - spark_training - INFO - 📏 Scaling features...
2025-11-05 13:31:32,723 - spark_training - INFO -    • Fitting scaler on training data...
2025-11-05 13:47:42,935 - spark_training - INFO - ✅ Features scaled successfully
2025-11-05 13:47:42,945 - spark_training - INFO - ✅ Final dataset prepared:
2025-11-05 13:47:42,946 - spark_training - INFO -    • Features: Vector of 77 elements
2025-11-05 13:47:42,946 - spark_training - INFO -    • Label: Binary (0=Legitimate, 1=Fraud)
2025-11-05 14:00:19,357 - spark_training - INFO -    • Records: 125,555,734
2025-11-05 14:00:19,357 - spark_training - INFO - 📋 Sample of Prepared Data:
2025-11-05 14:00:19,767 - spark_training - INFO - ✅ Logistic Regression configured with fraud detection optimizations:
2025-11-05 14:00:19,767 - spark_training - INFO -    • Algorithm: Binomial Logistic Regression
2025-11-05 14:00:19,767 - spark_training - INFO -    • Max Iterations: 100
2025-11-05 14:00:19,767 - spark_training - INFO -    • Regularization (L2): 0.01
2025-11-05 14:00:19,767 - spark_training - INFO -    • Decision Threshold: 0.5
2025-11-05 14:00:19,767 - spark_training - INFO -    • Feature Standardization: Disabled (pre-scaled)
2025-11-05 14:00:19,767 - spark_training - INFO -    • Optimization: LBFGS (default, good for medium datasets)
2025-11-05 14:00:19,767 - spark_training - INFO - 🎯 Ready for training on 77 engineered features from fraud profiling analysis
2025-11-05 14:00:19,767 - spark_training - INFO - 🚀 Training Logistic Regression model...
2025-11-05 14:00:19,767 - spark_training - INFO - ⏱️  This may take a few minutes depending on dataset size...
